2024-11-03 15:04:15,543 - INFO - Found 9327 .npz files in total across 2 directories.
2024-11-03 15:04:15,576 - INFO - Training set size: 7461
2024-11-03 15:04:15,576 - INFO - Validation set size: 1866
2024-11-03 15:04:18,679 - INFO - Starting training...
2024-11-03 15:04:50,973 - INFO - Epoch [1/150], Training Loss: -1.361877, Validation Loss: -1.728391
2024-11-03 15:05:16,751 - INFO - Epoch [2/150], Training Loss: -1.998069, Validation Loss: -2.276158
2024-11-03 15:05:40,713 - INFO - Epoch [3/150], Training Loss: -2.343826, Validation Loss: -2.499306
2024-11-03 15:06:04,396 - INFO - Epoch [4/150], Training Loss: -2.482395, Validation Loss: -2.423024
2024-11-03 15:06:25,716 - INFO - Epoch [5/150], Training Loss: -2.651693, Validation Loss: -2.661817
2024-11-03 15:06:42,954 - INFO - Epoch [6/150], Training Loss: -2.725804, Validation Loss: -2.843284
2024-11-03 15:06:59,933 - INFO - Epoch [7/150], Training Loss: -2.786615, Validation Loss: -2.637607
2024-11-03 15:07:20,725 - INFO - Epoch [8/150], Training Loss: -2.871342, Validation Loss: -2.807932
2024-11-03 15:07:41,236 - INFO - Epoch [9/150], Training Loss: -2.918143, Validation Loss: -2.877253
2024-11-03 15:07:59,686 - INFO - Epoch [10/150], Training Loss: -2.964079, Validation Loss: -2.801483
2024-11-03 15:08:19,572 - INFO - Epoch [11/150], Training Loss: -2.963740, Validation Loss: -3.011009
2024-11-03 15:08:39,880 - INFO - Epoch [12/150], Training Loss: -3.012430, Validation Loss: -3.007023
2024-11-03 15:08:59,503 - INFO - Epoch [13/150], Training Loss: -3.041671, Validation Loss: -2.902767
2024-11-03 15:09:19,958 - INFO - Epoch [14/150], Training Loss: -3.064568, Validation Loss: -2.883672
2024-11-03 15:09:41,858 - INFO - Epoch [15/150], Training Loss: -3.056480, Validation Loss: -3.125595
2024-11-03 15:10:01,603 - INFO - Epoch [16/150], Training Loss: -3.113795, Validation Loss: -3.050624
2024-11-03 15:10:21,341 - INFO - Epoch [17/150], Training Loss: -3.090763, Validation Loss: -2.967744
2024-11-03 15:10:43,161 - INFO - Epoch [18/150], Training Loss: -3.145473, Validation Loss: -3.090889
2024-11-03 15:11:03,210 - INFO - Epoch [19/150], Training Loss: -3.159702, Validation Loss: -3.238645
2024-11-03 15:11:23,994 - INFO - Epoch [20/150], Training Loss: -3.204537, Validation Loss: -3.169315
2024-11-03 15:11:42,496 - INFO - Epoch [21/150], Training Loss: -3.194481, Validation Loss: -3.139714
2024-11-03 15:12:03,851 - INFO - Epoch [22/150], Training Loss: -3.201261, Validation Loss: -2.959361
2024-11-03 15:12:25,460 - INFO - Epoch [23/150], Training Loss: -3.178919, Validation Loss: -3.141800
2024-11-03 15:12:45,805 - INFO - Epoch [24/150], Training Loss: -3.172685, Validation Loss: -3.301094
2024-11-03 15:13:06,831 - INFO - Epoch [25/150], Training Loss: -3.229090, Validation Loss: -3.048970
2024-11-03 15:13:27,575 - INFO - Epoch [26/150], Training Loss: -3.256741, Validation Loss: -3.218370
2024-11-03 15:13:48,029 - INFO - Epoch [27/150], Training Loss: -3.256492, Validation Loss: -3.325777
2024-11-03 15:14:08,648 - INFO - Epoch [28/150], Training Loss: -3.279544, Validation Loss: -3.113387
2024-11-03 15:14:29,155 - INFO - Epoch [29/150], Training Loss: -3.280663, Validation Loss: -3.206454
2024-11-03 15:14:51,046 - INFO - Epoch [30/150], Training Loss: -3.286515, Validation Loss: -3.199092
2024-11-03 15:15:09,729 - INFO - Epoch [31/150], Training Loss: -3.332839, Validation Loss: -3.403766
2024-11-03 15:15:32,112 - INFO - Epoch [32/150], Training Loss: -3.335402, Validation Loss: -3.375188
2024-11-03 15:15:54,305 - INFO - Epoch [33/150], Training Loss: -3.302348, Validation Loss: -3.204198
2024-11-03 15:16:17,418 - INFO - Epoch [34/150], Training Loss: -3.306333, Validation Loss: -3.238104
2024-11-03 15:16:40,444 - INFO - Epoch [35/150], Training Loss: -3.337183, Validation Loss: -3.383922
2024-11-03 15:17:02,660 - INFO - Epoch [36/150], Training Loss: -3.359084, Validation Loss: -3.357701
2024-11-03 15:17:23,810 - INFO - Epoch [37/150], Training Loss: -3.369652, Validation Loss: -2.890252
2024-11-03 15:17:44,970 - INFO - Epoch [38/150], Training Loss: -3.378273, Validation Loss: -3.127006
2024-11-03 15:18:08,148 - INFO - Epoch [39/150], Training Loss: -3.315005, Validation Loss: -3.288290
2024-11-03 15:18:30,004 - INFO - Epoch [40/150], Training Loss: -3.372536, Validation Loss: -3.340349
2024-11-03 15:18:51,249 - INFO - Epoch [41/150], Training Loss: -3.398022, Validation Loss: -3.398538
2024-11-03 15:19:11,644 - INFO - Epoch [42/150], Training Loss: -3.383573, Validation Loss: -3.373430
2024-11-03 15:19:32,345 - INFO - Epoch [43/150], Training Loss: -3.356875, Validation Loss: -3.372633
2024-11-03 15:19:52,121 - INFO - Epoch [44/150], Training Loss: -3.413303, Validation Loss: -2.540620
2024-11-03 15:20:12,783 - INFO - Epoch [45/150], Training Loss: -3.349631, Validation Loss: -3.328731
2024-11-03 15:20:32,362 - INFO - Epoch [46/150], Training Loss: -3.378047, Validation Loss: -3.361884
2024-11-03 15:20:53,199 - INFO - Epoch [47/150], Training Loss: -3.356379, Validation Loss: -3.261532
2024-11-03 15:21:10,174 - INFO - Epoch [48/150], Training Loss: -3.422262, Validation Loss: -3.407635
2024-11-03 15:21:29,862 - INFO - Epoch [49/150], Training Loss: -3.429046, Validation Loss: -3.002291
2024-11-03 15:21:48,425 - INFO - Epoch [50/150], Training Loss: -3.428299, Validation Loss: -3.401422
2024-11-03 15:22:09,246 - INFO - Epoch [51/150], Training Loss: -3.444317, Validation Loss: -3.406587
2024-11-03 15:22:28,581 - INFO - Epoch [52/150], Training Loss: -3.433872, Validation Loss: -3.151642
2024-11-03 15:22:46,221 - INFO - Epoch [53/150], Training Loss: -3.426162, Validation Loss: -3.239158
2024-11-03 15:23:01,028 - INFO - Epoch [54/150], Training Loss: -3.442227, Validation Loss: -3.304126
2024-11-03 15:23:17,045 - INFO - Epoch [55/150], Training Loss: -3.448798, Validation Loss: -3.335440
2024-11-03 15:23:38,079 - INFO - Epoch [56/150], Training Loss: -3.440530, Validation Loss: -3.475675
2024-11-03 15:23:58,527 - INFO - Epoch [57/150], Training Loss: -3.450855, Validation Loss: -3.352125
2024-11-03 15:24:18,561 - INFO - Epoch [58/150], Training Loss: -3.437263, Validation Loss: -3.305345
2024-11-03 15:24:38,491 - INFO - Epoch [59/150], Training Loss: -3.418273, Validation Loss: -3.413460
2024-11-03 15:24:59,086 - INFO - Epoch [60/150], Training Loss: -3.447831, Validation Loss: -3.338660
2024-11-03 15:25:19,001 - INFO - Epoch [61/150], Training Loss: -3.407788, Validation Loss: -3.291768
2024-11-03 15:25:38,511 - INFO - Epoch [62/150], Training Loss: -3.458765, Validation Loss: -3.237068
2024-11-03 15:25:58,846 - INFO - Epoch [63/150], Training Loss: -3.477201, Validation Loss: -3.085750
2024-11-03 15:26:17,809 - INFO - Epoch [64/150], Training Loss: -3.466739, Validation Loss: -3.451797
2024-11-03 15:26:38,534 - INFO - Epoch [65/150], Training Loss: -3.471783, Validation Loss: -3.446531
2024-11-03 15:26:56,433 - INFO - Epoch [66/150], Training Loss: -3.481392, Validation Loss: -3.332474
2024-11-03 15:27:16,851 - INFO - Epoch [67/150], Training Loss: -3.457974, Validation Loss: -3.289716
2024-11-03 15:27:38,293 - INFO - Epoch [68/150], Training Loss: -3.452854, Validation Loss: -3.380782
2024-11-03 15:27:58,912 - INFO - Epoch [69/150], Training Loss: -3.438955, Validation Loss: -3.311909
2024-11-03 15:28:19,176 - INFO - Epoch [70/150], Training Loss: -3.488525, Validation Loss: -3.054005
2024-11-03 15:28:38,008 - INFO - Epoch [71/150], Training Loss: -3.488122, Validation Loss: -3.469725
2024-11-03 15:28:58,388 - INFO - Epoch [72/150], Training Loss: -3.479714, Validation Loss: -3.481374
2024-11-03 15:29:18,658 - INFO - Epoch [73/150], Training Loss: -3.472388, Validation Loss: -3.457143
2024-11-03 15:29:37,557 - INFO - Epoch [74/150], Training Loss: -3.456457, Validation Loss: -3.326889
2024-11-03 15:29:55,962 - INFO - Epoch [75/150], Training Loss: -3.490461, Validation Loss: -3.317948
2024-11-03 15:30:13,053 - INFO - Epoch [76/150], Training Loss: -3.412897, Validation Loss: -3.479743
2024-11-03 15:30:29,879 - INFO - Epoch [77/150], Training Loss: -3.472189, Validation Loss: -3.438729
2024-11-03 15:30:48,307 - INFO - Epoch [78/150], Training Loss: -3.498667, Validation Loss: -3.465577
2024-11-03 15:31:06,349 - INFO - Epoch [79/150], Training Loss: -3.459648, Validation Loss: -3.450298
2024-11-03 15:31:25,639 - INFO - Epoch [80/150], Training Loss: -3.463268, Validation Loss: -3.543090
2024-11-03 15:31:44,617 - INFO - Epoch [81/150], Training Loss: -3.510021, Validation Loss: -3.441550
2024-11-03 15:32:04,162 - INFO - Epoch [82/150], Training Loss: -3.483204, Validation Loss: -3.501014
2024-11-03 15:32:24,333 - INFO - Epoch [83/150], Training Loss: -3.494915, Validation Loss: -3.438568
2024-11-03 15:32:44,659 - INFO - Epoch [84/150], Training Loss: -3.487624, Validation Loss: -2.815804
2024-11-03 15:33:04,789 - INFO - Epoch [85/150], Training Loss: -3.435203, Validation Loss: -3.525059
2024-11-03 15:33:21,602 - INFO - Epoch [86/150], Training Loss: -3.504739, Validation Loss: -3.506013
2024-11-03 15:33:41,681 - INFO - Epoch [87/150], Training Loss: -3.452167, Validation Loss: -3.396184
2024-11-03 15:34:00,690 - INFO - Epoch [88/150], Training Loss: -3.460115, Validation Loss: -3.402269
2024-11-03 15:34:19,334 - INFO - Epoch [89/150], Training Loss: -3.482459, Validation Loss: -3.514604
2024-11-03 15:34:38,202 - INFO - Epoch [90/150], Training Loss: -3.512889, Validation Loss: -3.476352
2024-11-03 15:34:58,380 - INFO - Epoch [91/150], Training Loss: -3.472393, Validation Loss: -3.124166
2024-11-03 15:35:16,968 - INFO - Epoch [92/150], Training Loss: -3.519022, Validation Loss: -3.378905
2024-11-03 15:35:36,398 - INFO - Epoch [93/150], Training Loss: -3.518867, Validation Loss: -3.404783
2024-11-03 15:35:56,189 - INFO - Epoch [94/150], Training Loss: -3.500494, Validation Loss: -3.449786
2024-11-03 15:36:15,069 - INFO - Epoch [95/150], Training Loss: -3.495890, Validation Loss: -3.489819
2024-11-03 15:36:35,214 - INFO - Epoch [96/150], Training Loss: -3.498013, Validation Loss: -3.429080
2024-11-03 15:36:53,658 - INFO - Epoch [97/150], Training Loss: -3.522175, Validation Loss: -3.518922
2024-11-03 15:37:12,883 - INFO - Epoch [98/150], Training Loss: -3.497499, Validation Loss: -3.530512
2024-11-03 15:37:32,565 - INFO - Epoch [99/150], Training Loss: -3.497774, Validation Loss: -3.468535
2024-11-03 15:37:52,863 - INFO - Epoch [100/150], Training Loss: -3.491686, Validation Loss: -3.465732
2024-11-03 15:38:12,230 - INFO - Epoch [101/150], Training Loss: -3.513058, Validation Loss: -3.007808
2024-11-03 15:38:31,257 - INFO - Epoch [102/150], Training Loss: -3.479438, Validation Loss: -3.201362
2024-11-03 15:38:50,769 - INFO - Epoch [103/150], Training Loss: -3.517560, Validation Loss: -3.424584
2024-11-03 15:39:10,588 - INFO - Epoch [104/150], Training Loss: -3.485567, Validation Loss: -3.485971
2024-11-03 15:39:30,524 - INFO - Epoch [105/150], Training Loss: -3.481624, Validation Loss: -3.413734
2024-11-03 15:39:50,152 - INFO - Epoch [106/150], Training Loss: -3.533835, Validation Loss: -3.268440
2024-11-03 15:40:10,674 - INFO - Epoch [107/150], Training Loss: -3.448053, Validation Loss: -3.379180
2024-11-03 15:40:30,565 - INFO - Epoch [108/150], Training Loss: -3.529386, Validation Loss: -3.443311
2024-11-03 15:40:49,858 - INFO - Epoch [109/150], Training Loss: -3.548352, Validation Loss: -3.325312
2024-11-03 15:41:08,541 - INFO - Epoch [110/150], Training Loss: -3.481935, Validation Loss: -3.505598
2024-11-03 15:41:27,942 - INFO - Epoch [111/150], Training Loss: -3.528611, Validation Loss: -3.146691
2024-11-03 15:41:46,963 - INFO - Epoch [112/150], Training Loss: -3.534674, Validation Loss: -3.424362
2024-11-03 15:42:07,728 - INFO - Epoch [113/150], Training Loss: -3.526159, Validation Loss: -2.970320
2024-11-03 15:42:26,870 - INFO - Epoch [114/150], Training Loss: -3.323025, Validation Loss: -3.450293
2024-11-03 15:42:45,640 - INFO - Epoch [115/150], Training Loss: -3.518946, Validation Loss: -3.400775
2024-11-03 15:43:03,558 - INFO - Epoch [116/150], Training Loss: -3.516961, Validation Loss: -1.761535
2024-11-03 15:43:23,501 - INFO - Epoch [117/150], Training Loss: -3.500689, Validation Loss: -3.385927
2024-11-03 15:43:49,090 - INFO - Epoch [118/150], Training Loss: -3.542152, Validation Loss: -3.547227
2024-11-03 15:44:32,378 - INFO - Epoch [119/150], Training Loss: -3.509776, Validation Loss: -3.221898
2024-11-03 15:45:14,664 - INFO - Epoch [120/150], Training Loss: -3.495531, Validation Loss: -3.486433
2024-11-03 15:46:00,496 - INFO - Epoch [121/150], Training Loss: -3.501987, Validation Loss: -3.510870
2024-11-03 15:46:40,449 - INFO - Epoch [122/150], Training Loss: -3.478283, Validation Loss: -3.487905
2024-11-03 15:47:17,144 - INFO - Epoch [123/150], Training Loss: -3.497326, Validation Loss: -3.459710
2024-11-03 15:47:52,179 - INFO - Epoch [124/150], Training Loss: -3.522685, Validation Loss: -3.295681
2024-11-03 15:48:11,513 - INFO - Epoch [125/150], Training Loss: -3.526218, Validation Loss: -3.443203
2024-11-03 15:48:30,627 - INFO - Epoch [126/150], Training Loss: -3.494294, Validation Loss: -3.045221
2024-11-03 15:48:50,194 - INFO - Epoch [127/150], Training Loss: -3.475854, Validation Loss: -3.491292
2024-11-03 15:49:08,476 - INFO - Epoch [128/150], Training Loss: -3.513937, Validation Loss: -3.517251
2024-11-03 15:49:26,127 - INFO - Epoch [129/150], Training Loss: -3.432532, Validation Loss: -3.472904
2024-11-03 15:49:45,385 - INFO - Epoch [130/150], Training Loss: -3.502088, Validation Loss: -3.019993
2024-11-03 15:50:01,934 - INFO - Epoch [131/150], Training Loss: -3.521179, Validation Loss: -3.543701
2024-11-03 15:50:37,562 - INFO - Epoch [132/150], Training Loss: -3.556164, Validation Loss: -3.471890
2024-11-03 15:51:12,658 - INFO - Epoch [133/150], Training Loss: -3.529956, Validation Loss: -3.337006
2024-11-03 15:51:33,468 - INFO - Epoch [134/150], Training Loss: -3.439567, Validation Loss: -3.307576
2024-11-03 15:52:29,461 - INFO - Epoch [135/150], Training Loss: -3.531514, Validation Loss: -3.310484
2024-11-03 15:52:54,474 - INFO - Epoch [136/150], Training Loss: -3.525233, Validation Loss: -3.485492
2024-11-03 15:53:35,941 - INFO - Epoch [137/150], Training Loss: -3.482990, Validation Loss: -3.476561
2024-11-03 15:54:01,389 - INFO - Epoch [138/150], Training Loss: -3.458373, Validation Loss: -3.454765
2024-11-03 15:54:27,254 - INFO - Epoch [139/150], Training Loss: -3.529595, Validation Loss: -3.093020
2024-11-03 15:55:07,320 - INFO - Epoch [140/150], Training Loss: -3.379601, Validation Loss: -3.327894
2024-11-03 15:55:31,886 - INFO - Epoch [141/150], Training Loss: -3.493698, Validation Loss: -3.558678
2024-11-03 15:56:12,730 - INFO - Epoch [142/150], Training Loss: -3.507966, Validation Loss: -3.480252
2024-11-03 15:56:37,820 - INFO - Epoch [143/150], Training Loss: -3.477563, Validation Loss: -3.505177
2024-11-03 15:57:03,929 - INFO - Epoch [144/150], Training Loss: -3.463047, Validation Loss: -2.892729
2024-11-03 15:57:40,262 - INFO - Epoch [145/150], Training Loss: -3.514421, Validation Loss: -3.483798
2024-11-03 15:58:05,361 - INFO - Epoch [146/150], Training Loss: -3.550048, Validation Loss: -3.076702
2024-11-03 15:58:35,588 - INFO - Epoch [147/150], Training Loss: -3.454921, Validation Loss: -3.165158
2024-11-03 15:59:04,430 - INFO - Epoch [148/150], Training Loss: -3.337723, Validation Loss: -3.482401
2024-11-03 15:59:28,715 - INFO - Epoch [149/150], Training Loss: -3.532713, Validation Loss: -3.521717
2024-11-03 15:59:56,904 - INFO - Epoch [150/150], Training Loss: -3.488749, Validation Loss: -3.244051
2024-11-03 15:59:56,905 - INFO - Training completed.
2024-11-03 15:59:56,942 - INFO - Model saved to /remote/gpu01a/pietschke/EoRFlow/output/flow_only/trained_model.pth
2024-11-03 15:59:56,946 - INFO - Training and validation losses saved as .npy files
2024-11-03 15:59:57,476 - INFO - Plot saved to /remote/gpu01a/pietschke/EoRFlow/output/flow_only/training_validation_loss.pdf
