2025-04-07 19:05:25,140 - INFO - Found 14490 .npz files across 1 directories.
2025-04-07 19:05:27,588 - INFO - Excluded 0 files due to too many zeros.
2025-04-07 19:05:27,588 - INFO - Excluded 0 files due to too many ones.
2025-04-07 19:05:27,588 - INFO - Excluded 0 files due to both too many zeros and ones.
2025-04-07 19:05:27,588 - INFO - Keeping 14490 files after all filtering steps.
2025-04-07 19:05:27,826 - INFO - Starting direct Flow training without CNN...
2025-04-07 19:05:27,826 - INFO - Using weighted loss: False
2025-04-07 19:05:47,514 - INFO - Epoch [1/1000], Training Loss: 0.364631, Validation Loss: -0.202414
2025-04-07 19:05:47,554 - INFO - Saved new best model at epoch 1 with validation loss -0.202414
2025-04-07 19:06:06,470 - INFO - Epoch [2/1000], Training Loss: -0.355092, Validation Loss: -0.495402
2025-04-07 19:06:06,518 - INFO - Saved new best model at epoch 2 with validation loss -0.495402
2025-04-07 19:06:25,437 - INFO - Epoch [3/1000], Training Loss: -0.579057, Validation Loss: -0.714973
2025-04-07 19:06:25,487 - INFO - Saved new best model at epoch 3 with validation loss -0.714973
2025-04-07 19:06:44,438 - INFO - Epoch [4/1000], Training Loss: -0.720896, Validation Loss: -0.833188
2025-04-07 19:06:44,487 - INFO - Saved new best model at epoch 4 with validation loss -0.833188
2025-04-07 19:07:03,396 - INFO - Epoch [5/1000], Training Loss: -0.836689, Validation Loss: -0.733828
2025-04-07 19:07:22,508 - INFO - Epoch [6/1000], Training Loss: -0.953760, Validation Loss: -0.863742
2025-04-07 19:07:22,557 - INFO - Saved new best model at epoch 6 with validation loss -0.863742
2025-04-07 19:07:41,501 - INFO - Epoch [7/1000], Training Loss: -1.022875, Validation Loss: -1.036974
2025-04-07 19:07:41,549 - INFO - Saved new best model at epoch 7 with validation loss -1.036974
2025-04-07 19:08:00,473 - INFO - Epoch [8/1000], Training Loss: -1.089012, Validation Loss: -0.964159
2025-04-07 19:08:19,429 - INFO - Epoch [9/1000], Training Loss: -1.155047, Validation Loss: -1.123463
2025-04-07 19:08:19,477 - INFO - Saved new best model at epoch 9 with validation loss -1.123463
2025-04-07 19:08:38,505 - INFO - Epoch [10/1000], Training Loss: -1.212083, Validation Loss: -1.206104
2025-04-07 19:08:38,553 - INFO - Saved new best model at epoch 10 with validation loss -1.206104
2025-04-07 19:08:57,518 - INFO - Epoch [11/1000], Training Loss: -1.254556, Validation Loss: -1.257048
2025-04-07 19:08:57,565 - INFO - Saved new best model at epoch 11 with validation loss -1.257048
2025-04-07 19:09:16,607 - INFO - Epoch [12/1000], Training Loss: -1.294644, Validation Loss: -0.912370
2025-04-07 19:09:35,546 - INFO - Epoch [13/1000], Training Loss: -1.330284, Validation Loss: -1.349007
2025-04-07 19:09:35,594 - INFO - Saved new best model at epoch 13 with validation loss -1.349007
2025-04-07 19:09:54,538 - INFO - Epoch [14/1000], Training Loss: -1.372016, Validation Loss: -1.343072
2025-04-07 19:10:13,526 - INFO - Epoch [15/1000], Training Loss: -1.410194, Validation Loss: -1.387732
2025-04-07 19:10:13,575 - INFO - Saved new best model at epoch 15 with validation loss -1.387732
2025-04-07 19:10:32,700 - INFO - Epoch [16/1000], Training Loss: -1.423585, Validation Loss: -1.341703
2025-04-07 19:10:51,636 - INFO - Epoch [17/1000], Training Loss: -1.470116, Validation Loss: -1.408781
2025-04-07 19:10:51,684 - INFO - Saved new best model at epoch 17 with validation loss -1.408781
2025-04-07 19:11:10,834 - INFO - Epoch [18/1000], Training Loss: -1.488123, Validation Loss: -1.501910
2025-04-07 19:11:10,882 - INFO - Saved new best model at epoch 18 with validation loss -1.501910
2025-04-07 19:11:29,858 - INFO - Epoch [19/1000], Training Loss: -1.516030, Validation Loss: -1.522187
2025-04-07 19:11:29,906 - INFO - Saved new best model at epoch 19 with validation loss -1.522187
2025-04-07 19:11:48,909 - INFO - Epoch [20/1000], Training Loss: -1.546546, Validation Loss: -1.573477
2025-04-07 19:11:48,957 - INFO - Saved new best model at epoch 20 with validation loss -1.573477
2025-04-07 19:12:07,904 - INFO - Epoch [21/1000], Training Loss: -1.569240, Validation Loss: -1.476158
2025-04-07 19:12:26,848 - INFO - Epoch [22/1000], Training Loss: -1.559333, Validation Loss: -1.524622
2025-04-07 19:12:45,797 - INFO - Epoch [23/1000], Training Loss: -1.606432, Validation Loss: -1.605701
2025-04-07 19:12:45,846 - INFO - Saved new best model at epoch 23 with validation loss -1.605701
2025-04-07 19:13:04,906 - INFO - Epoch [24/1000], Training Loss: -1.617330, Validation Loss: -1.562832
2025-04-07 19:13:23,876 - INFO - Epoch [25/1000], Training Loss: -1.646476, Validation Loss: -1.551125
2025-04-07 19:13:42,934 - INFO - Epoch [26/1000], Training Loss: -1.637801, Validation Loss: -1.660958
2025-04-07 19:13:42,983 - INFO - Saved new best model at epoch 26 with validation loss -1.660958
2025-04-07 19:14:01,957 - INFO - Epoch [27/1000], Training Loss: -1.681834, Validation Loss: -1.532715
2025-04-07 19:14:21,039 - INFO - Epoch [28/1000], Training Loss: -1.683457, Validation Loss: -1.752681
2025-04-07 19:14:21,088 - INFO - Saved new best model at epoch 28 with validation loss -1.752681
2025-04-07 19:14:40,037 - INFO - Epoch [29/1000], Training Loss: -1.720747, Validation Loss: -1.723568
2025-04-07 19:14:58,991 - INFO - Epoch [30/1000], Training Loss: -1.707526, Validation Loss: -1.573839
2025-04-07 19:15:18,155 - INFO - Epoch [31/1000], Training Loss: -1.721548, Validation Loss: -1.763910
2025-04-07 19:15:18,203 - INFO - Saved new best model at epoch 31 with validation loss -1.763910
2025-04-07 19:15:37,207 - INFO - Epoch [32/1000], Training Loss: -1.726944, Validation Loss: -1.522498
2025-04-07 19:15:56,180 - INFO - Epoch [33/1000], Training Loss: 1.020730, Validation Loss: -1.773005
2025-04-07 19:15:56,229 - INFO - Saved new best model at epoch 33 with validation loss -1.773005
2025-04-07 19:16:15,212 - INFO - Epoch [34/1000], Training Loss: -1.762102, Validation Loss: -1.755597
2025-04-07 19:16:34,332 - INFO - Epoch [35/1000], Training Loss: -1.797946, Validation Loss: -1.750374
2025-04-07 19:16:53,414 - INFO - Epoch [36/1000], Training Loss: -1.801466, Validation Loss: -1.674247
2025-04-07 19:17:12,456 - INFO - Epoch [37/1000], Training Loss: -1.802351, Validation Loss: -1.749515
2025-04-07 19:17:31,440 - INFO - Epoch [38/1000], Training Loss: -1.788378, Validation Loss: -1.794981
2025-04-07 19:17:31,490 - INFO - Saved new best model at epoch 38 with validation loss -1.794981
2025-04-07 19:17:50,454 - INFO - Epoch [39/1000], Training Loss: -1.820373, Validation Loss: -1.790040
2025-04-07 19:18:09,421 - INFO - Epoch [40/1000], Training Loss: -1.844527, Validation Loss: -1.810542
2025-04-07 19:18:09,470 - INFO - Saved new best model at epoch 40 with validation loss -1.810542
2025-04-07 19:18:28,518 - INFO - Epoch [41/1000], Training Loss: -1.860430, Validation Loss: -1.872870
2025-04-07 19:18:28,568 - INFO - Saved new best model at epoch 41 with validation loss -1.872870
2025-04-07 19:18:47,545 - INFO - Epoch [42/1000], Training Loss: -1.850080, Validation Loss: -1.683826
2025-04-07 19:19:06,541 - INFO - Epoch [43/1000], Training Loss: -1.859932, Validation Loss: -1.908277
2025-04-07 19:19:06,590 - INFO - Saved new best model at epoch 43 with validation loss -1.908277
2025-04-07 19:19:25,570 - INFO - Epoch [44/1000], Training Loss: -1.884338, Validation Loss: -1.877626
2025-04-07 19:19:44,903 - INFO - Epoch [45/1000], Training Loss: -1.852115, Validation Loss: -1.776527
2025-04-07 19:20:04,065 - INFO - Epoch [46/1000], Training Loss: -1.894395, Validation Loss: -1.919606
2025-04-07 19:20:04,114 - INFO - Saved new best model at epoch 46 with validation loss -1.919606
2025-04-07 19:20:23,161 - INFO - Epoch [47/1000], Training Loss: -1.901104, Validation Loss: -1.835737
2025-04-07 19:20:42,147 - INFO - Epoch [48/1000], Training Loss: -1.904239, Validation Loss: -1.906515
2025-04-07 19:21:01,117 - INFO - Epoch [49/1000], Training Loss: -1.927257, Validation Loss: -1.874134
2025-04-07 19:21:20,090 - INFO - Epoch [50/1000], Training Loss: -1.932130, Validation Loss: -1.940508
2025-04-07 19:21:20,139 - INFO - Saved new best model at epoch 50 with validation loss -1.940508
2025-04-07 19:21:39,117 - INFO - Epoch [51/1000], Training Loss: -1.941570, Validation Loss: -1.924820
2025-04-07 19:21:58,100 - INFO - Epoch [52/1000], Training Loss: -1.933660, Validation Loss: -1.895778
2025-04-07 19:22:17,285 - INFO - Epoch [53/1000], Training Loss: -1.927452, Validation Loss: -1.907404
2025-04-07 19:22:36,259 - INFO - Epoch [54/1000], Training Loss: -1.952034, Validation Loss: -1.896858
2025-04-07 19:22:55,471 - INFO - Epoch [55/1000], Training Loss: -1.955026, Validation Loss: -1.805570
2025-04-07 19:23:14,788 - INFO - Epoch [56/1000], Training Loss: -1.954265, Validation Loss: -1.979472
2025-04-07 19:23:14,837 - INFO - Saved new best model at epoch 56 with validation loss -1.979472
2025-04-07 19:23:33,983 - INFO - Epoch [57/1000], Training Loss: -1.976346, Validation Loss: -1.789774
2025-04-07 19:23:53,043 - INFO - Epoch [58/1000], Training Loss: -1.971080, Validation Loss: -1.954103
2025-04-07 19:24:12,049 - INFO - Epoch [59/1000], Training Loss: -1.984275, Validation Loss: -1.945169
2025-04-07 19:24:31,049 - INFO - Epoch [60/1000], Training Loss: -2.005209, Validation Loss: -1.911529
2025-04-07 19:24:50,049 - INFO - Epoch [61/1000], Training Loss: -1.988078, Validation Loss: -1.784132
2025-04-07 19:25:09,049 - INFO - Epoch [62/1000], Training Loss: -2.013415, Validation Loss: -1.958291
2025-04-07 19:25:28,125 - INFO - Epoch [63/1000], Training Loss: -2.017808, Validation Loss: -1.949463
2025-04-07 19:25:47,210 - INFO - Epoch [64/1000], Training Loss: -2.023381, Validation Loss: -1.836515
2025-04-07 19:26:06,360 - INFO - Epoch [65/1000], Training Loss: -2.032406, Validation Loss: -2.023268
2025-04-07 19:26:06,410 - INFO - Saved new best model at epoch 65 with validation loss -2.023268
2025-04-07 19:26:25,510 - INFO - Epoch [66/1000], Training Loss: -2.031537, Validation Loss: -1.927655
2025-04-07 19:26:44,490 - INFO - Epoch [67/1000], Training Loss: -2.021185, Validation Loss: -2.025095
2025-04-07 19:26:44,538 - INFO - Saved new best model at epoch 67 with validation loss -2.025095
2025-04-07 19:27:03,502 - INFO - Epoch [68/1000], Training Loss: -2.044091, Validation Loss: -1.902254
2025-04-07 19:27:22,523 - INFO - Epoch [69/1000], Training Loss: -2.062581, Validation Loss: -1.930170
2025-04-07 19:27:41,618 - INFO - Epoch [70/1000], Training Loss: -2.046539, Validation Loss: -1.959011
2025-04-07 19:28:00,690 - INFO - Epoch [71/1000], Training Loss: -2.064754, Validation Loss: -2.048908
2025-04-07 19:28:00,739 - INFO - Saved new best model at epoch 71 with validation loss -2.048908
2025-04-07 19:28:19,970 - INFO - Epoch [72/1000], Training Loss: -2.054978, Validation Loss: -2.011673
2025-04-07 19:28:38,969 - INFO - Epoch [73/1000], Training Loss: -2.073560, Validation Loss: -1.912004
2025-04-07 19:28:57,955 - INFO - Epoch [74/1000], Training Loss: -2.101505, Validation Loss: -2.059721
2025-04-07 19:28:58,004 - INFO - Saved new best model at epoch 74 with validation loss -2.059721
2025-04-07 19:29:17,162 - INFO - Epoch [75/1000], Training Loss: -2.089069, Validation Loss: -1.936836
2025-04-07 19:29:36,639 - INFO - Epoch [76/1000], Training Loss: -2.093611, Validation Loss: -1.968633
2025-04-07 19:29:55,880 - INFO - Epoch [77/1000], Training Loss: -2.090704, Validation Loss: -1.767948
2025-04-07 19:30:15,032 - INFO - Epoch [78/1000], Training Loss: -2.071111, Validation Loss: -2.088906
2025-04-07 19:30:15,091 - INFO - Saved new best model at epoch 78 with validation loss -2.088906
2025-04-07 19:30:34,078 - INFO - Epoch [79/1000], Training Loss: -2.104202, Validation Loss: -1.977045
2025-04-07 19:30:53,045 - INFO - Epoch [80/1000], Training Loss: -2.110525, Validation Loss: -2.043110
2025-04-07 19:31:12,016 - INFO - Epoch [81/1000], Training Loss: -2.110143, Validation Loss: -1.914177
2025-04-07 19:31:30,982 - INFO - Epoch [82/1000], Training Loss: -2.108838, Validation Loss: -1.851451
2025-04-07 19:31:50,001 - INFO - Epoch [83/1000], Training Loss: -2.123315, Validation Loss: -2.059476
2025-04-07 19:32:08,986 - INFO - Epoch [84/1000], Training Loss: 1817.779974, Validation Loss: -2.040788
2025-04-07 19:32:28,095 - INFO - Epoch [85/1000], Training Loss: -2.110882, Validation Loss: -2.043524
2025-04-07 19:32:47,206 - INFO - Epoch [86/1000], Training Loss: -2.133379, Validation Loss: -2.028627
2025-04-07 19:33:06,168 - INFO - Epoch [87/1000], Training Loss: -2.154572, Validation Loss: -2.065653
2025-04-07 19:33:25,123 - INFO - Epoch [88/1000], Training Loss: -2.144301, Validation Loss: -2.008013
2025-04-07 19:33:44,411 - INFO - Epoch [89/1000], Training Loss: -2.162527, Validation Loss: -1.888710
2025-04-07 19:34:03,614 - INFO - Epoch [90/1000], Training Loss: -2.389398, Validation Loss: -2.206017
2025-04-07 19:34:03,669 - INFO - Saved new best model at epoch 90 with validation loss -2.206017
2025-04-07 19:34:22,695 - INFO - Epoch [91/1000], Training Loss: -2.432719, Validation Loss: -2.263123
2025-04-07 19:34:22,744 - INFO - Saved new best model at epoch 91 with validation loss -2.263123
2025-04-07 19:34:41,732 - INFO - Epoch [92/1000], Training Loss: -2.440565, Validation Loss: -2.206672
2025-04-07 19:35:00,706 - INFO - Epoch [93/1000], Training Loss: -2.445721, Validation Loss: -2.263882
2025-04-07 19:35:00,756 - INFO - Saved new best model at epoch 93 with validation loss -2.263882
2025-04-07 19:35:19,730 - INFO - Epoch [94/1000], Training Loss: -2.453338, Validation Loss: -2.130643
2025-04-07 19:35:38,711 - INFO - Epoch [95/1000], Training Loss: -2.463495, Validation Loss: -2.315559
2025-04-07 19:35:38,760 - INFO - Saved new best model at epoch 95 with validation loss -2.315559
2025-04-07 19:35:58,033 - INFO - Epoch [96/1000], Training Loss: -2.475103, Validation Loss: -2.283676
2025-04-07 19:36:17,067 - INFO - Epoch [97/1000], Training Loss: -2.474555, Validation Loss: -0.648087
2025-04-07 19:36:36,096 - INFO - Epoch [98/1000], Training Loss: -2.466898, Validation Loss: -2.249245
2025-04-07 19:36:55,105 - INFO - Epoch [99/1000], Training Loss: -2.488119, Validation Loss: -2.162363
2025-04-07 19:37:14,076 - INFO - Epoch [100/1000], Training Loss: -2.478053, Validation Loss: -2.287623
2025-04-07 19:37:33,045 - INFO - Epoch [101/1000], Training Loss: -2.488813, Validation Loss: -2.260183
2025-04-07 19:37:52,176 - INFO - Epoch [102/1000], Training Loss: -2.495267, Validation Loss: -2.237501
2025-04-07 19:38:11,299 - INFO - Epoch [103/1000], Training Loss: -2.484001, Validation Loss: -2.303025
2025-04-07 19:38:30,290 - INFO - Epoch [104/1000], Training Loss: -2.496359, Validation Loss: -2.278157
2025-04-07 19:38:49,414 - INFO - Epoch [105/1000], Training Loss: -2.500052, Validation Loss: -2.318152
2025-04-07 19:38:49,463 - INFO - Saved new best model at epoch 105 with validation loss -2.318152
2025-04-07 19:39:08,713 - INFO - Epoch [106/1000], Training Loss: -2.501531, Validation Loss: -2.271809
2025-04-07 19:39:27,812 - INFO - Epoch [107/1000], Training Loss: -2.501035, Validation Loss: -2.293226
2025-04-07 19:39:46,797 - INFO - Epoch [108/1000], Training Loss: -2.502108, Validation Loss: -2.338671
2025-04-07 19:39:46,846 - INFO - Saved new best model at epoch 108 with validation loss -2.338671
2025-04-07 19:40:06,022 - INFO - Epoch [109/1000], Training Loss: -2.515893, Validation Loss: -2.368880
2025-04-07 19:40:06,071 - INFO - Saved new best model at epoch 109 with validation loss -2.368880
2025-04-07 19:40:25,299 - INFO - Epoch [110/1000], Training Loss: -2.510393, Validation Loss: -2.234775
2025-04-07 19:40:44,316 - INFO - Epoch [111/1000], Training Loss: -2.520745, Validation Loss: -2.223337
2025-04-07 19:41:03,310 - INFO - Epoch [112/1000], Training Loss: -2.524592, Validation Loss: -2.343236
2025-04-07 19:41:22,292 - INFO - Epoch [113/1000], Training Loss: -2.515936, Validation Loss: -2.173292
2025-04-07 19:41:41,280 - INFO - Epoch [114/1000], Training Loss: -2.538770, Validation Loss: -1.451358
2025-04-07 19:42:00,265 - INFO - Epoch [115/1000], Training Loss: -2.537938, Validation Loss: -2.107857
2025-04-07 19:42:19,363 - INFO - Epoch [116/1000], Training Loss: -2.530668, Validation Loss: -2.361836
2025-04-07 19:42:38,344 - INFO - Epoch [117/1000], Training Loss: -2.534167, Validation Loss: -2.332291
2025-04-07 19:42:57,308 - INFO - Epoch [118/1000], Training Loss: -2.536711, Validation Loss: -2.370526
2025-04-07 19:42:57,357 - INFO - Saved new best model at epoch 118 with validation loss -2.370526
2025-04-07 19:43:16,318 - INFO - Epoch [119/1000], Training Loss: -2.544889, Validation Loss: -2.196376
2025-04-07 19:43:35,308 - INFO - Epoch [120/1000], Training Loss: -2.540774, Validation Loss: -2.400527
2025-04-07 19:43:35,357 - INFO - Saved new best model at epoch 120 with validation loss -2.400527
2025-04-07 19:43:54,331 - INFO - Epoch [121/1000], Training Loss: -2.549472, Validation Loss: -2.294089
2025-04-07 19:44:13,314 - INFO - Epoch [122/1000], Training Loss: -2.542270, Validation Loss: -1.640097
2025-04-07 19:44:32,384 - INFO - Epoch [123/1000], Training Loss: -2.548342, Validation Loss: -2.252349
2025-04-07 19:44:51,362 - INFO - Epoch [124/1000], Training Loss: -2.551550, Validation Loss: -2.219971
2025-04-07 19:45:10,341 - INFO - Epoch [125/1000], Training Loss: -2.554005, Validation Loss: -1.456578
2025-04-07 19:45:29,441 - INFO - Epoch [126/1000], Training Loss: -2.556746, Validation Loss: -2.180399
2025-04-07 19:45:48,501 - INFO - Epoch [127/1000], Training Loss: -2.558774, Validation Loss: -1.811456
2025-04-07 19:46:07,557 - INFO - Epoch [128/1000], Training Loss: -2.545693, Validation Loss: -1.733651
2025-04-07 19:46:26,632 - INFO - Epoch [129/1000], Training Loss: -2.518196, Validation Loss: -1.665308
2025-04-07 19:46:45,705 - INFO - Epoch [130/1000], Training Loss: -2.571347, Validation Loss: -1.047303
2025-04-07 19:47:04,767 - INFO - Epoch [131/1000], Training Loss: -2.556254, Validation Loss: -2.370095
2025-04-07 19:47:23,825 - INFO - Epoch [132/1000], Training Loss: -2.736764, Validation Loss: -2.002797
2025-04-07 19:47:42,904 - INFO - Epoch [133/1000], Training Loss: -2.761504, Validation Loss: -1.732225
2025-04-07 19:48:01,916 - INFO - Epoch [134/1000], Training Loss: -2.767905, Validation Loss: -1.625636
2025-04-07 19:48:20,897 - INFO - Epoch [135/1000], Training Loss: -2.778139, Validation Loss: 2.847609
2025-04-07 19:48:39,996 - INFO - Epoch [136/1000], Training Loss: -2.785671, Validation Loss: -2.492443
2025-04-07 19:48:40,050 - INFO - Saved new best model at epoch 136 with validation loss -2.492443
2025-04-07 19:48:59,033 - INFO - Epoch [137/1000], Training Loss: -2.777445, Validation Loss: -1.254676
2025-04-07 19:49:18,026 - INFO - Epoch [138/1000], Training Loss: -2.781190, Validation Loss: -2.022769
2025-04-07 19:49:37,082 - INFO - Epoch [139/1000], Training Loss: -2.790795, Validation Loss: -1.732761
2025-04-07 19:49:56,048 - INFO - Epoch [140/1000], Training Loss: -2.786278, Validation Loss: -2.212957
2025-04-07 19:50:15,075 - INFO - Epoch [141/1000], Training Loss: -2.791991, Validation Loss: -1.738846
2025-04-07 19:50:34,055 - INFO - Epoch [142/1000], Training Loss: -2.796111, Validation Loss: 3.308604
2025-04-07 19:50:53,115 - INFO - Epoch [143/1000], Training Loss: -2.795623, Validation Loss: 0.452492
2025-04-07 19:51:12,093 - INFO - Epoch [144/1000], Training Loss: -2.798327, Validation Loss: -2.114639
2025-04-07 19:51:31,192 - INFO - Epoch [145/1000], Training Loss: -2.800764, Validation Loss: 0.111820
2025-04-07 19:51:50,171 - INFO - Epoch [146/1000], Training Loss: -2.802459, Validation Loss: -1.950370
2025-04-07 19:52:09,127 - INFO - Epoch [147/1000], Training Loss: -2.803678, Validation Loss: -2.079829
2025-04-07 19:52:28,118 - INFO - Epoch [148/1000], Training Loss: -2.910926, Validation Loss: -1.672168
2025-04-07 19:52:47,104 - INFO - Epoch [149/1000], Training Loss: -2.921601, Validation Loss: -1.916472
2025-04-07 19:53:06,078 - INFO - Epoch [150/1000], Training Loss: -2.925677, Validation Loss: -2.331558
2025-04-07 19:53:25,068 - INFO - Epoch [151/1000], Training Loss: -2.928690, Validation Loss: -1.881529
2025-04-07 19:53:44,058 - INFO - Epoch [152/1000], Training Loss: -2.933242, Validation Loss: -1.681097
2025-04-07 19:54:03,051 - INFO - Epoch [153/1000], Training Loss: -2.932494, Validation Loss: 3.384571
2025-04-07 19:54:22,055 - INFO - Epoch [154/1000], Training Loss: -2.936417, Validation Loss: 3.500233
2025-04-07 19:54:41,288 - INFO - Epoch [155/1000], Training Loss: -2.941627, Validation Loss: -1.619633
2025-04-07 19:55:00,268 - INFO - Epoch [156/1000], Training Loss: -2.941043, Validation Loss: 0.322472
2025-04-07 19:55:00,268 - INFO - Early stopping triggered.
2025-04-07 19:55:00,307 - INFO - Model saved to /remote/gpu01a/pietschke/EoRFlow/output/EoR_flow_logit/pure_z12_10_512_-6_bigNoise
