2024-11-03 16:11:22,040 - INFO - Found 9327 .npz files in total across 2 directories.
2024-11-03 16:11:22,075 - INFO - Training set size: 7461
2024-11-03 16:11:22,075 - INFO - Validation set size: 1866
2024-11-03 16:11:25,314 - INFO - Starting training...
2024-11-03 16:11:58,955 - INFO - Epoch [1/150], Training Loss: -1.265739, Validation Loss: -1.700392
2024-11-03 16:12:26,394 - INFO - Epoch [2/150], Training Loss: -1.809448, Validation Loss: -1.961318
2024-11-03 16:12:53,275 - INFO - Epoch [3/150], Training Loss: -2.175177, Validation Loss: -2.268743
2024-11-03 16:13:20,671 - INFO - Epoch [4/150], Training Loss: -2.448267, Validation Loss: -2.491527
2024-11-03 16:13:48,136 - INFO - Epoch [5/150], Training Loss: -2.604826, Validation Loss: -2.570590
2024-11-03 16:14:15,145 - INFO - Epoch [6/150], Training Loss: -2.677261, Validation Loss: -2.644562
2024-11-03 16:14:48,398 - INFO - Epoch [7/150], Training Loss: -2.782390, Validation Loss: -2.503884
2024-11-03 16:15:15,962 - INFO - Epoch [8/150], Training Loss: -2.808851, Validation Loss: -1.749479
2024-11-03 16:15:45,863 - INFO - Epoch [9/150], Training Loss: -2.880623, Validation Loss: -2.236888
2024-11-03 16:16:13,350 - INFO - Epoch [10/150], Training Loss: -2.924298, Validation Loss: -1.628762
2024-11-03 16:16:40,269 - INFO - Epoch [11/150], Training Loss: -2.989111, Validation Loss: 0.061252
2024-11-03 16:17:06,493 - INFO - Epoch [12/150], Training Loss: -3.035824, Validation Loss: -1.331547
2024-11-03 16:17:33,975 - INFO - Epoch [13/150], Training Loss: -3.091349, Validation Loss: -0.902042
2024-11-03 16:18:01,485 - INFO - Epoch [14/150], Training Loss: -3.125036, Validation Loss: 0.609660
2024-11-03 16:18:32,602 - INFO - Epoch [15/150], Training Loss: -3.146486, Validation Loss: -0.037962
2024-11-03 16:18:59,969 - INFO - Epoch [16/150], Training Loss: -3.205896, Validation Loss: 0.961116
2024-11-03 16:19:26,839 - INFO - Epoch [17/150], Training Loss: -3.218403, Validation Loss: 4.349854
2024-11-03 16:19:54,231 - INFO - Epoch [18/150], Training Loss: -3.250864, Validation Loss: 8.103881
2024-11-03 16:20:23,638 - INFO - Epoch [19/150], Training Loss: -3.272333, Validation Loss: 8.409828
2024-11-03 16:20:50,191 - INFO - Epoch [20/150], Training Loss: -3.317443, Validation Loss: 7.312440
2024-11-03 16:21:22,986 - INFO - Epoch [21/150], Training Loss: -3.347198, Validation Loss: 5.827055
2024-11-03 16:21:49,910 - INFO - Epoch [22/150], Training Loss: -3.355371, Validation Loss: 4.812649
2024-11-03 16:22:20,651 - INFO - Epoch [23/150], Training Loss: -3.391418, Validation Loss: 6.759179
2024-11-03 16:22:47,406 - INFO - Epoch [24/150], Training Loss: -3.393883, Validation Loss: 9.152624
2024-11-03 16:23:18,335 - INFO - Epoch [25/150], Training Loss: -3.417812, Validation Loss: 2.170588
2024-11-03 16:23:46,461 - INFO - Epoch [26/150], Training Loss: -3.450262, Validation Loss: -1.114101
2024-11-03 16:24:12,441 - INFO - Epoch [27/150], Training Loss: -3.467809, Validation Loss: 1.665612
2024-11-03 16:24:39,110 - INFO - Epoch [28/150], Training Loss: -3.501055, Validation Loss: 7.502947
2024-11-03 16:25:03,134 - INFO - Epoch [29/150], Training Loss: -3.503611, Validation Loss: 16.463339
2024-11-03 16:25:24,936 - INFO - Epoch [30/150], Training Loss: -3.500223, Validation Loss: 20.927994
2024-11-03 16:25:54,821 - INFO - Epoch [31/150], Training Loss: -3.516714, Validation Loss: 31.702380
2024-11-03 16:26:21,408 - INFO - Epoch [32/150], Training Loss: -3.550130, Validation Loss: 29.193253
2024-11-03 16:26:57,505 - INFO - Epoch [33/150], Training Loss: -3.544079, Validation Loss: 30.689310
2024-11-03 16:27:23,710 - INFO - Epoch [34/150], Training Loss: -3.547980, Validation Loss: 45.325932
2024-11-03 16:27:53,468 - INFO - Epoch [35/150], Training Loss: -3.548626, Validation Loss: 43.572818
2024-11-03 16:28:20,334 - INFO - Epoch [36/150], Training Loss: -3.597961, Validation Loss: 47.941379
2024-11-03 16:28:46,882 - INFO - Epoch [37/150], Training Loss: -3.587167, Validation Loss: 59.972660
2024-11-03 16:29:13,547 - INFO - Epoch [38/150], Training Loss: -3.525086, Validation Loss: 76.009469
2024-11-03 16:29:44,676 - INFO - Epoch [39/150], Training Loss: -3.593562, Validation Loss: 62.074072
2024-11-03 16:30:09,878 - INFO - Epoch [40/150], Training Loss: -3.615850, Validation Loss: 79.576825
2024-11-03 16:30:41,399 - INFO - Epoch [41/150], Training Loss: -3.625099, Validation Loss: 91.159466
2024-11-03 16:31:08,035 - INFO - Epoch [42/150], Training Loss: -3.626261, Validation Loss: 100.481812
2024-11-03 16:31:37,978 - INFO - Epoch [43/150], Training Loss: -3.621359, Validation Loss: 105.292633
2024-11-03 16:32:05,301 - INFO - Epoch [44/150], Training Loss: -3.648119, Validation Loss: 86.607389
2024-11-03 16:32:33,611 - INFO - Epoch [45/150], Training Loss: -3.607448, Validation Loss: 95.602128
2024-11-03 16:33:00,865 - INFO - Epoch [46/150], Training Loss: -3.630204, Validation Loss: 125.659725
2024-11-03 16:33:27,831 - INFO - Epoch [47/150], Training Loss: -3.673388, Validation Loss: 150.246633
2024-11-03 16:33:54,946 - INFO - Epoch [48/150], Training Loss: -3.661988, Validation Loss: 124.733525
2024-11-03 16:34:22,502 - INFO - Epoch [49/150], Training Loss: -3.648409, Validation Loss: 44.452981
2024-11-03 16:34:48,778 - INFO - Epoch [50/150], Training Loss: -3.674090, Validation Loss: 38.359475
2024-11-03 16:35:15,814 - INFO - Epoch [51/150], Training Loss: -3.692093, Validation Loss: 35.556262
2024-11-03 16:35:42,029 - INFO - Epoch [52/150], Training Loss: -3.672404, Validation Loss: 41.115551
2024-11-03 16:36:08,479 - INFO - Epoch [53/150], Training Loss: -3.697198, Validation Loss: 34.537602
2024-11-03 16:36:34,921 - INFO - Epoch [54/150], Training Loss: -3.705547, Validation Loss: 29.610413
2024-11-03 16:37:01,549 - INFO - Epoch [55/150], Training Loss: -3.711201, Validation Loss: 77.588487
2024-11-03 16:37:27,894 - INFO - Epoch [56/150], Training Loss: -3.705839, Validation Loss: 69.640842
2024-11-03 16:37:55,364 - INFO - Epoch [57/150], Training Loss: -3.709586, Validation Loss: 70.525097
2024-11-03 16:38:21,374 - INFO - Epoch [58/150], Training Loss: -3.719144, Validation Loss: 47.585953
2024-11-03 16:38:47,369 - INFO - Epoch [59/150], Training Loss: -3.726872, Validation Loss: 67.877631
2024-11-03 16:39:16,650 - INFO - Epoch [60/150], Training Loss: -3.696720, Validation Loss: 82.042390
2024-11-03 16:39:42,988 - INFO - Epoch [61/150], Training Loss: -3.712731, Validation Loss: 47.041535
2024-11-03 16:40:16,291 - INFO - Epoch [62/150], Training Loss: -3.745540, Validation Loss: 79.751751
2024-11-03 16:40:42,652 - INFO - Epoch [63/150], Training Loss: -3.722832, Validation Loss: 115.608640
2024-11-03 16:41:10,734 - INFO - Epoch [64/150], Training Loss: -3.723504, Validation Loss: 78.553484
2024-11-03 16:41:37,343 - INFO - Epoch [65/150], Training Loss: -3.721566, Validation Loss: 85.865291
2024-11-03 16:42:03,594 - INFO - Epoch [66/150], Training Loss: -3.729364, Validation Loss: 76.550218
2024-11-03 16:42:29,851 - INFO - Epoch [67/150], Training Loss: -3.770257, Validation Loss: 83.129015
2024-11-03 16:43:02,358 - INFO - Epoch [68/150], Training Loss: -3.739717, Validation Loss: 78.627195
2024-11-03 16:43:28,425 - INFO - Epoch [69/150], Training Loss: -3.697191, Validation Loss: 68.541966
2024-11-03 16:44:03,296 - INFO - Epoch [70/150], Training Loss: -3.750583, Validation Loss: 77.804523
2024-11-03 16:44:29,606 - INFO - Epoch [71/150], Training Loss: -3.561227, Validation Loss: 85.509891
2024-11-03 16:45:01,378 - INFO - Epoch [72/150], Training Loss: -3.747554, Validation Loss: 105.254532
2024-11-03 16:45:26,753 - INFO - Epoch [73/150], Training Loss: -3.770485, Validation Loss: 96.654510
2024-11-03 16:45:53,034 - INFO - Epoch [74/150], Training Loss: -3.779811, Validation Loss: 61.285705
2024-11-03 16:46:20,234 - INFO - Epoch [75/150], Training Loss: -3.776895, Validation Loss: 71.082032
2024-11-03 16:46:46,528 - INFO - Epoch [76/150], Training Loss: -3.684567, Validation Loss: 70.637128
2024-11-03 16:47:12,922 - INFO - Epoch [77/150], Training Loss: -3.612105, Validation Loss: 49.540596
2024-11-03 16:47:42,429 - INFO - Epoch [78/150], Training Loss: -3.786566, Validation Loss: 96.204213
2024-11-03 16:48:08,726 - INFO - Epoch [79/150], Training Loss: -3.755078, Validation Loss: 90.615531
2024-11-03 16:48:40,995 - INFO - Epoch [80/150], Training Loss: -3.805831, Validation Loss: 66.694940
2024-11-03 16:49:07,876 - INFO - Epoch [81/150], Training Loss: -3.769261, Validation Loss: 88.135223
2024-11-03 16:49:34,156 - INFO - Epoch [82/150], Training Loss: -3.773448, Validation Loss: 78.482579
2024-11-03 16:50:03,112 - INFO - Epoch [83/150], Training Loss: -3.775249, Validation Loss: 68.569832
2024-11-03 16:50:30,120 - INFO - Epoch [84/150], Training Loss: -3.780111, Validation Loss: 67.239741
2024-11-03 16:50:57,125 - INFO - Epoch [85/150], Training Loss: -3.808433, Validation Loss: 72.656713
2024-11-03 16:51:26,421 - INFO - Epoch [86/150], Training Loss: -3.754582, Validation Loss: 76.833075
2024-11-03 16:51:51,722 - INFO - Epoch [87/150], Training Loss: -3.726698, Validation Loss: 77.848286
2024-11-03 16:52:23,739 - INFO - Epoch [88/150], Training Loss: -3.727386, Validation Loss: 71.031708
2024-11-03 16:52:49,817 - INFO - Epoch [89/150], Training Loss: -3.756388, Validation Loss: 58.418899
2024-11-03 16:53:17,413 - INFO - Epoch [90/150], Training Loss: -3.804981, Validation Loss: 74.850064
2024-11-03 16:53:42,607 - INFO - Epoch [91/150], Training Loss: -3.789552, Validation Loss: 91.405130
2024-11-03 16:54:07,546 - INFO - Epoch [92/150], Training Loss: -3.761530, Validation Loss: 65.841634
2024-11-03 16:54:32,245 - INFO - Epoch [93/150], Training Loss: -3.830088, Validation Loss: 82.017739
2024-11-03 16:55:03,466 - INFO - Epoch [94/150], Training Loss: -3.643193, Validation Loss: 62.279704
2024-11-03 16:55:29,407 - INFO - Epoch [95/150], Training Loss: -3.299755, Validation Loss: 90.174565
2024-11-03 16:56:06,039 - INFO - Epoch [96/150], Training Loss: -3.723266, Validation Loss: 71.256837
2024-11-03 16:56:30,838 - INFO - Epoch [97/150], Training Loss: -3.729495, Validation Loss: 80.293319
2024-11-03 16:57:03,821 - INFO - Epoch [98/150], Training Loss: -3.811809, Validation Loss: 85.729460
2024-11-03 16:57:29,357 - INFO - Epoch [99/150], Training Loss: -3.799335, Validation Loss: 76.872578
2024-11-03 16:57:54,920 - INFO - Epoch [100/150], Training Loss: -3.669756, Validation Loss: 65.748735
2024-11-03 16:58:20,768 - INFO - Epoch [101/150], Training Loss: -3.845900, Validation Loss: 63.467173
2024-11-03 16:58:50,759 - INFO - Epoch [102/150], Training Loss: -3.805656, Validation Loss: 60.087826
2024-11-03 16:59:09,797 - INFO - Epoch [103/150], Training Loss: -3.808576, Validation Loss: 99.120077
2024-11-03 16:59:27,908 - INFO - Epoch [104/150], Training Loss: -3.792164, Validation Loss: 126.514131
2024-11-03 16:59:58,554 - INFO - Epoch [105/150], Training Loss: -3.806614, Validation Loss: 114.947332
2024-11-03 17:00:24,550 - INFO - Epoch [106/150], Training Loss: -3.805215, Validation Loss: 96.119054
2024-11-03 17:00:50,485 - INFO - Epoch [107/150], Training Loss: -3.743530, Validation Loss: 80.428432
2024-11-03 17:01:15,840 - INFO - Epoch [108/150], Training Loss: -3.808275, Validation Loss: 100.114950
2024-11-03 17:01:40,358 - INFO - Epoch [109/150], Training Loss: -3.823300, Validation Loss: 89.909876
2024-11-03 17:02:06,377 - INFO - Epoch [110/150], Training Loss: -3.779159, Validation Loss: 85.204241
2024-11-03 17:02:36,041 - INFO - Epoch [111/150], Training Loss: -3.802842, Validation Loss: 77.303201
2024-11-03 17:03:00,827 - INFO - Epoch [112/150], Training Loss: -3.818146, Validation Loss: 79.906774
2024-11-03 17:03:33,359 - INFO - Epoch [113/150], Training Loss: -3.798684, Validation Loss: 94.844730
2024-11-03 17:03:58,638 - INFO - Epoch [114/150], Training Loss: -3.471396, Validation Loss: 92.029820
2024-11-03 17:04:26,491 - INFO - Epoch [115/150], Training Loss: -3.776840, Validation Loss: 79.462718
2024-11-03 17:04:52,590 - INFO - Epoch [116/150], Training Loss: -3.768239, Validation Loss: 75.397266
2024-11-03 17:05:17,537 - INFO - Epoch [117/150], Training Loss: -3.754540, Validation Loss: 72.442932
2024-11-03 17:05:43,286 - INFO - Epoch [118/150], Training Loss: -3.814656, Validation Loss: 68.238714
2024-11-03 17:06:07,973 - INFO - Epoch [119/150], Training Loss: -3.834202, Validation Loss: 74.257196
2024-11-03 17:06:33,291 - INFO - Epoch [120/150], Training Loss: -3.822549, Validation Loss: 92.108592
2024-11-03 17:07:00,159 - INFO - Epoch [121/150], Training Loss: -3.778810, Validation Loss: 103.795043
2024-11-03 17:07:29,992 - INFO - Epoch [122/150], Training Loss: -3.831076, Validation Loss: 86.822956
2024-11-03 17:07:54,481 - INFO - Epoch [123/150], Training Loss: -3.828315, Validation Loss: 94.446200
2024-11-03 17:08:24,817 - INFO - Epoch [124/150], Training Loss: -3.819907, Validation Loss: 82.178040
2024-11-03 17:08:51,139 - INFO - Epoch [125/150], Training Loss: -3.695315, Validation Loss: 84.818622
2024-11-03 17:09:16,875 - INFO - Epoch [126/150], Training Loss: -3.837099, Validation Loss: 116.501844
2024-11-03 17:09:43,042 - INFO - Epoch [127/150], Training Loss: -3.830006, Validation Loss: 106.874566
2024-11-03 17:10:08,674 - INFO - Epoch [128/150], Training Loss: -3.787502, Validation Loss: 87.303654
2024-11-03 17:10:33,770 - INFO - Epoch [129/150], Training Loss: -3.843972, Validation Loss: 100.770906
2024-11-03 17:11:00,694 - INFO - Epoch [130/150], Training Loss: -3.775065, Validation Loss: 151.722430
2024-11-03 17:11:26,685 - INFO - Epoch [131/150], Training Loss: -0.309789, Validation Loss: 100.488311
2024-11-03 17:11:54,855 - INFO - Epoch [132/150], Training Loss: -3.767941, Validation Loss: 62.563331
2024-11-03 17:12:20,533 - INFO - Epoch [133/150], Training Loss: -3.779486, Validation Loss: 63.144140
2024-11-03 17:12:46,410 - INFO - Epoch [134/150], Training Loss: -3.842979, Validation Loss: 61.397275
2024-11-03 17:13:11,403 - INFO - Epoch [135/150], Training Loss: -3.837377, Validation Loss: 105.930140
2024-11-03 17:13:37,038 - INFO - Epoch [136/150], Training Loss: -3.811114, Validation Loss: 90.815753
2024-11-03 17:14:02,689 - INFO - Epoch [137/150], Training Loss: -3.813197, Validation Loss: 77.372208
2024-11-03 17:14:28,346 - INFO - Epoch [138/150], Training Loss: -3.865839, Validation Loss: 78.727879
2024-11-03 17:14:54,803 - INFO - Epoch [139/150], Training Loss: -3.712654, Validation Loss: 127.367350
2024-11-03 17:15:21,088 - INFO - Epoch [140/150], Training Loss: -3.734552, Validation Loss: 114.725585
2024-11-03 17:15:45,519 - INFO - Epoch [141/150], Training Loss: -3.836337, Validation Loss: 100.214055
2024-11-03 17:16:10,246 - INFO - Epoch [142/150], Training Loss: -3.768342, Validation Loss: 117.397862
2024-11-03 17:16:35,400 - INFO - Epoch [143/150], Training Loss: -3.773262, Validation Loss: 97.673204
2024-11-03 17:17:01,141 - INFO - Epoch [144/150], Training Loss: -3.823237, Validation Loss: 97.186814
2024-11-03 17:17:25,805 - INFO - Epoch [145/150], Training Loss: -3.776012, Validation Loss: 127.683610
2024-11-03 17:17:51,166 - INFO - Epoch [146/150], Training Loss: -3.643239, Validation Loss: 84.206391
2024-11-03 17:18:14,466 - INFO - Epoch [147/150], Training Loss: -3.822312, Validation Loss: 75.443889
2024-11-03 17:18:40,707 - INFO - Epoch [148/150], Training Loss: -3.759537, Validation Loss: 85.233483
2024-11-03 17:19:05,020 - INFO - Epoch [149/150], Training Loss: -3.765224, Validation Loss: 56.136542
2024-11-03 17:19:28,947 - INFO - Epoch [150/150], Training Loss: -3.847649, Validation Loss: 82.621758
2024-11-03 17:19:28,947 - INFO - Training completed.
2024-11-03 17:19:28,984 - INFO - Model saved to /remote/gpu01a/pietschke/EoRFlow/output/flow_only/trained_model.pth
2024-11-03 17:19:28,987 - INFO - Training and validation losses saved as .npy files
2024-11-03 17:19:29,581 - INFO - Plot saved to /remote/gpu01a/pietschke/EoRFlow/output/flow_only/training_validation_loss.pdf
