2025-03-28 16:42:57,276 - INFO - Found 13509 .npz files across 1 directories.
2025-03-28 16:43:04,549 - INFO - Excluded 0 files due to too many zeros.
2025-03-28 16:43:04,549 - INFO - Excluded 0 files due to too many ones.
2025-03-28 16:43:04,549 - INFO - Excluded 0 files due to both too many zeros and ones.
2025-03-28 16:43:04,549 - INFO - Keeping 13509 files after all filtering steps.
2025-03-28 16:43:04,795 - INFO - Starting direct Flow training without CNN...
2025-03-28 16:43:04,796 - INFO - Using weighted loss: False
2025-03-28 16:43:24,206 - INFO - Epoch [1/1000], Training Loss: 0.223383, Validation Loss: -0.211829
2025-03-28 16:43:24,254 - INFO - Saved new best model at epoch 1 with validation loss -0.211829
2025-03-28 16:43:42,030 - INFO - Epoch [2/1000], Training Loss: -0.403547, Validation Loss: -0.378851
2025-03-28 16:43:42,078 - INFO - Saved new best model at epoch 2 with validation loss -0.378851
2025-03-28 16:43:59,647 - INFO - Epoch [3/1000], Training Loss: -0.613666, Validation Loss: -0.616190
2025-03-28 16:43:59,700 - INFO - Saved new best model at epoch 3 with validation loss -0.616190
2025-03-28 16:44:17,281 - INFO - Epoch [4/1000], Training Loss: -0.774683, Validation Loss: -0.859318
2025-03-28 16:44:17,330 - INFO - Saved new best model at epoch 4 with validation loss -0.859318
2025-03-28 16:44:34,891 - INFO - Epoch [5/1000], Training Loss: -0.886976, Validation Loss: -0.980094
2025-03-28 16:44:34,949 - INFO - Saved new best model at epoch 5 with validation loss -0.980094
2025-03-28 16:44:52,538 - INFO - Epoch [6/1000], Training Loss: -0.963676, Validation Loss: -0.908340
2025-03-28 16:45:10,288 - INFO - Epoch [7/1000], Training Loss: -1.039724, Validation Loss: -1.060772
2025-03-28 16:45:10,338 - INFO - Saved new best model at epoch 7 with validation loss -1.060772
2025-03-28 16:45:27,904 - INFO - Epoch [8/1000], Training Loss: -1.115777, Validation Loss: -1.169855
2025-03-28 16:45:27,952 - INFO - Saved new best model at epoch 8 with validation loss -1.169855
2025-03-28 16:45:45,574 - INFO - Epoch [9/1000], Training Loss: -1.188638, Validation Loss: -1.215287
2025-03-28 16:45:45,622 - INFO - Saved new best model at epoch 9 with validation loss -1.215287
2025-03-28 16:46:03,221 - INFO - Epoch [10/1000], Training Loss: -1.228598, Validation Loss: -1.223774
2025-03-28 16:46:03,269 - INFO - Saved new best model at epoch 10 with validation loss -1.223774
2025-03-28 16:46:21,097 - INFO - Epoch [11/1000], Training Loss: -1.275547, Validation Loss: -1.213180
2025-03-28 16:46:38,862 - INFO - Epoch [12/1000], Training Loss: -1.328450, Validation Loss: -1.383479
2025-03-28 16:46:38,909 - INFO - Saved new best model at epoch 12 with validation loss -1.383479
2025-03-28 16:46:56,442 - INFO - Epoch [13/1000], Training Loss: -1.351410, Validation Loss: -1.309526
2025-03-28 16:47:13,994 - INFO - Epoch [14/1000], Training Loss: -1.379145, Validation Loss: -1.474887
2025-03-28 16:47:14,041 - INFO - Saved new best model at epoch 14 with validation loss -1.474887
2025-03-28 16:47:32,118 - INFO - Epoch [15/1000], Training Loss: -1.416059, Validation Loss: -1.443838
2025-03-28 16:47:49,728 - INFO - Epoch [16/1000], Training Loss: -1.439404, Validation Loss: -1.430613
2025-03-28 16:48:07,485 - INFO - Epoch [17/1000], Training Loss: -1.480997, Validation Loss: -1.460783
2025-03-28 16:48:25,303 - INFO - Epoch [18/1000], Training Loss: -1.496306, Validation Loss: -1.522097
2025-03-28 16:48:25,353 - INFO - Saved new best model at epoch 18 with validation loss -1.522097
2025-03-28 16:48:42,995 - INFO - Epoch [19/1000], Training Loss: -1.531261, Validation Loss: -1.511922
2025-03-28 16:49:00,567 - INFO - Epoch [20/1000], Training Loss: -1.552760, Validation Loss: -1.506904
2025-03-28 16:49:18,210 - INFO - Epoch [21/1000], Training Loss: -1.585946, Validation Loss: -1.538510
2025-03-28 16:49:18,260 - INFO - Saved new best model at epoch 21 with validation loss -1.538510
2025-03-28 16:49:36,105 - INFO - Epoch [22/1000], Training Loss: -1.591008, Validation Loss: -1.560294
2025-03-28 16:49:36,154 - INFO - Saved new best model at epoch 22 with validation loss -1.560294
2025-03-28 16:49:53,670 - INFO - Epoch [23/1000], Training Loss: -1.603482, Validation Loss: -1.530119
2025-03-28 16:50:11,240 - INFO - Epoch [24/1000], Training Loss: -1.631370, Validation Loss: -1.537379
2025-03-28 16:50:28,872 - INFO - Epoch [25/1000], Training Loss: -1.642087, Validation Loss: -1.542377
2025-03-28 16:50:46,455 - INFO - Epoch [26/1000], Training Loss: -1.663802, Validation Loss: -1.636953
2025-03-28 16:50:46,504 - INFO - Saved new best model at epoch 26 with validation loss -1.636953
2025-03-28 16:51:04,060 - INFO - Epoch [27/1000], Training Loss: -1.671806, Validation Loss: -1.585003
2025-03-28 16:51:21,723 - INFO - Epoch [28/1000], Training Loss: -1.675911, Validation Loss: -1.626763
2025-03-28 16:51:39,315 - INFO - Epoch [29/1000], Training Loss: -1.698495, Validation Loss: -1.615692
2025-03-28 16:51:57,018 - INFO - Epoch [30/1000], Training Loss: -1.701600, Validation Loss: -1.706870
2025-03-28 16:51:57,068 - INFO - Saved new best model at epoch 30 with validation loss -1.706870
2025-03-28 16:52:14,535 - INFO - Epoch [31/1000], Training Loss: -1.736409, Validation Loss: -1.667781
2025-03-28 16:52:32,105 - INFO - Epoch [32/1000], Training Loss: -1.738851, Validation Loss: -1.676128
2025-03-28 16:52:49,617 - INFO - Epoch [33/1000], Training Loss: -1.754253, Validation Loss: -1.738432
2025-03-28 16:52:49,666 - INFO - Saved new best model at epoch 33 with validation loss -1.738432
2025-03-28 16:53:07,380 - INFO - Epoch [34/1000], Training Loss: -1.751472, Validation Loss: -1.745130
2025-03-28 16:53:07,429 - INFO - Saved new best model at epoch 34 with validation loss -1.745130
2025-03-28 16:53:25,084 - INFO - Epoch [35/1000], Training Loss: -1.777904, Validation Loss: -1.802141
2025-03-28 16:53:25,132 - INFO - Saved new best model at epoch 35 with validation loss -1.802141
2025-03-28 16:53:42,838 - INFO - Epoch [36/1000], Training Loss: -1.784816, Validation Loss: -1.773742
2025-03-28 16:54:00,426 - INFO - Epoch [37/1000], Training Loss: -1.798460, Validation Loss: -1.688311
2025-03-28 16:54:18,282 - INFO - Epoch [38/1000], Training Loss: -1.801914, Validation Loss: -1.842584
2025-03-28 16:54:18,330 - INFO - Saved new best model at epoch 38 with validation loss -1.842584
2025-03-28 16:54:35,988 - INFO - Epoch [39/1000], Training Loss: -1.818319, Validation Loss: -1.797463
2025-03-28 16:54:53,544 - INFO - Epoch [40/1000], Training Loss: -1.822145, Validation Loss: -1.748657
2025-03-28 16:55:11,259 - INFO - Epoch [41/1000], Training Loss: -1.824186, Validation Loss: -1.737741
2025-03-28 16:55:28,776 - INFO - Epoch [42/1000], Training Loss: -1.834153, Validation Loss: -1.693926
2025-03-28 16:55:46,300 - INFO - Epoch [43/1000], Training Loss: -1.839606, Validation Loss: -1.744249
2025-03-28 16:56:03,901 - INFO - Epoch [44/1000], Training Loss: -1.861843, Validation Loss: -1.877416
2025-03-28 16:56:03,948 - INFO - Saved new best model at epoch 44 with validation loss -1.877416
2025-03-28 16:56:21,516 - INFO - Epoch [45/1000], Training Loss: -1.862089, Validation Loss: -1.764396
2025-03-28 16:56:39,060 - INFO - Epoch [46/1000], Training Loss: -1.878160, Validation Loss: -1.800131
2025-03-28 16:56:56,883 - INFO - Epoch [47/1000], Training Loss: -1.856873, Validation Loss: -1.773238
2025-03-28 16:57:14,430 - INFO - Epoch [48/1000], Training Loss: -1.884945, Validation Loss: -1.822217
2025-03-28 16:57:32,118 - INFO - Epoch [49/1000], Training Loss: -1.890972, Validation Loss: -1.823565
2025-03-28 16:57:49,621 - INFO - Epoch [50/1000], Training Loss: -1.891034, Validation Loss: -1.836690
2025-03-28 16:58:07,143 - INFO - Epoch [51/1000], Training Loss: -1.913765, Validation Loss: -1.912889
2025-03-28 16:58:07,192 - INFO - Saved new best model at epoch 51 with validation loss -1.912889
2025-03-28 16:58:24,889 - INFO - Epoch [52/1000], Training Loss: -1.919124, Validation Loss: -1.893231
2025-03-28 16:58:42,353 - INFO - Epoch [53/1000], Training Loss: -1.920080, Validation Loss: -1.937032
2025-03-28 16:58:42,402 - INFO - Saved new best model at epoch 53 with validation loss -1.937032
2025-03-28 16:58:59,899 - INFO - Epoch [54/1000], Training Loss: -1.926741, Validation Loss: -1.850811
2025-03-28 16:59:17,541 - INFO - Epoch [55/1000], Training Loss: -1.941388, Validation Loss: -1.929387
2025-03-28 16:59:35,227 - INFO - Epoch [56/1000], Training Loss: -1.955109, Validation Loss: -1.819887
2025-03-28 16:59:52,911 - INFO - Epoch [57/1000], Training Loss: -1.955537, Validation Loss: -1.825519
2025-03-28 17:00:10,417 - INFO - Epoch [58/1000], Training Loss: -1.952071, Validation Loss: -1.857120
2025-03-28 17:00:28,057 - INFO - Epoch [59/1000], Training Loss: -1.951360, Validation Loss: -1.866435
2025-03-28 17:00:45,667 - INFO - Epoch [60/1000], Training Loss: -1.965782, Validation Loss: -1.754204
2025-03-28 17:01:03,302 - INFO - Epoch [61/1000], Training Loss: -1.988878, Validation Loss: -1.967262
2025-03-28 17:01:03,351 - INFO - Saved new best model at epoch 61 with validation loss -1.967262
2025-03-28 17:01:20,958 - INFO - Epoch [62/1000], Training Loss: -1.993241, Validation Loss: -1.910609
2025-03-28 17:01:38,619 - INFO - Epoch [63/1000], Training Loss: -1.999288, Validation Loss: -1.889126
2025-03-28 17:01:56,326 - INFO - Epoch [64/1000], Training Loss: -1.981916, Validation Loss: -1.876958
2025-03-28 17:02:14,030 - INFO - Epoch [65/1000], Training Loss: -2.009409, Validation Loss: -1.762939
2025-03-28 17:02:31,488 - INFO - Epoch [66/1000], Training Loss: -2.005251, Validation Loss: -1.960890
2025-03-28 17:02:49,029 - INFO - Epoch [67/1000], Training Loss: -1.989253, Validation Loss: -1.841090
2025-03-28 17:03:06,604 - INFO - Epoch [68/1000], Training Loss: -2.013621, Validation Loss: -2.014607
2025-03-28 17:03:06,652 - INFO - Saved new best model at epoch 68 with validation loss -2.014607
2025-03-28 17:03:24,177 - INFO - Epoch [69/1000], Training Loss: -2.022824, Validation Loss: -2.032861
2025-03-28 17:03:24,225 - INFO - Saved new best model at epoch 69 with validation loss -2.032861
2025-03-28 17:03:42,006 - INFO - Epoch [70/1000], Training Loss: -2.025970, Validation Loss: -1.938534
2025-03-28 17:03:59,573 - INFO - Epoch [71/1000], Training Loss: -2.024987, Validation Loss: -1.866572
2025-03-28 17:04:17,043 - INFO - Epoch [72/1000], Training Loss: -2.031646, Validation Loss: -2.021478
2025-03-28 17:04:34,863 - INFO - Epoch [73/1000], Training Loss: -2.048504, Validation Loss: -2.028791
2025-03-28 17:04:52,437 - INFO - Epoch [74/1000], Training Loss: -2.050534, Validation Loss: -1.990259
2025-03-28 17:05:09,934 - INFO - Epoch [75/1000], Training Loss: -2.067189, Validation Loss: -2.047067
2025-03-28 17:05:09,984 - INFO - Saved new best model at epoch 75 with validation loss -2.047067
2025-03-28 17:05:27,554 - INFO - Epoch [76/1000], Training Loss: -2.053376, Validation Loss: -1.976348
2025-03-28 17:05:45,191 - INFO - Epoch [77/1000], Training Loss: -2.062430, Validation Loss: -1.830150
2025-03-28 17:06:02,729 - INFO - Epoch [78/1000], Training Loss: -2.071047, Validation Loss: -1.928127
2025-03-28 17:06:20,283 - INFO - Epoch [79/1000], Training Loss: -2.092158, Validation Loss: -2.053079
2025-03-28 17:06:20,331 - INFO - Saved new best model at epoch 79 with validation loss -2.053079
2025-03-28 17:06:38,162 - INFO - Epoch [80/1000], Training Loss: -2.074644, Validation Loss: -1.953927
2025-03-28 17:06:55,710 - INFO - Epoch [81/1000], Training Loss: -2.069116, Validation Loss: -1.948534
2025-03-28 17:07:13,224 - INFO - Epoch [82/1000], Training Loss: -2.083027, Validation Loss: -1.954700
2025-03-28 17:07:30,863 - INFO - Epoch [83/1000], Training Loss: -2.080603, Validation Loss: -1.959962
2025-03-28 17:07:48,395 - INFO - Epoch [84/1000], Training Loss: -2.087944, Validation Loss: -1.875854
2025-03-28 17:08:05,896 - INFO - Epoch [85/1000], Training Loss: -2.098526, Validation Loss: -2.114429
2025-03-28 17:08:05,947 - INFO - Saved new best model at epoch 85 with validation loss -2.114429
2025-03-28 17:08:23,583 - INFO - Epoch [86/1000], Training Loss: -2.100465, Validation Loss: -1.964295
2025-03-28 17:08:41,129 - INFO - Epoch [87/1000], Training Loss: -2.097632, Validation Loss: -1.970431
2025-03-28 17:08:58,705 - INFO - Epoch [88/1000], Training Loss: -2.107365, Validation Loss: -2.059783
2025-03-28 17:09:16,338 - INFO - Epoch [89/1000], Training Loss: -2.114314, Validation Loss: -2.006991
2025-03-28 17:09:33,916 - INFO - Epoch [90/1000], Training Loss: -2.115294, Validation Loss: -2.015193
2025-03-28 17:09:51,556 - INFO - Epoch [91/1000], Training Loss: -2.125410, Validation Loss: -2.137533
2025-03-28 17:09:51,603 - INFO - Saved new best model at epoch 91 with validation loss -2.137533
2025-03-28 17:10:09,116 - INFO - Epoch [92/1000], Training Loss: -2.129396, Validation Loss: -2.064232
2025-03-28 17:10:26,751 - INFO - Epoch [93/1000], Training Loss: -2.136763, Validation Loss: -2.033657
2025-03-28 17:10:44,382 - INFO - Epoch [94/1000], Training Loss: -2.110385, Validation Loss: -1.952911
2025-03-28 17:11:01,931 - INFO - Epoch [95/1000], Training Loss: -2.129125, Validation Loss: -2.051348
2025-03-28 17:11:19,480 - INFO - Epoch [96/1000], Training Loss: -2.139602, Validation Loss: -2.041925
2025-03-28 17:11:37,035 - INFO - Epoch [97/1000], Training Loss: -2.135439, Validation Loss: -2.052953
2025-03-28 17:11:54,544 - INFO - Epoch [98/1000], Training Loss: -1.987577, Validation Loss: -2.077218
2025-03-28 17:12:12,414 - INFO - Epoch [99/1000], Training Loss: -2.147574, Validation Loss: -1.980221
2025-03-28 17:12:29,943 - INFO - Epoch [100/1000], Training Loss: -2.144664, Validation Loss: -1.993946
2025-03-28 17:12:47,583 - INFO - Epoch [101/1000], Training Loss: -2.152358, Validation Loss: -2.060286
2025-03-28 17:13:05,238 - INFO - Epoch [102/1000], Training Loss: -2.157995, Validation Loss: -2.092789
2025-03-28 17:13:22,759 - INFO - Epoch [103/1000], Training Loss: -2.397699, Validation Loss: -2.169027
2025-03-28 17:13:22,808 - INFO - Saved new best model at epoch 103 with validation loss -2.169027
2025-03-28 17:13:40,374 - INFO - Epoch [104/1000], Training Loss: -2.432048, Validation Loss: -2.275351
2025-03-28 17:13:40,423 - INFO - Saved new best model at epoch 104 with validation loss -2.275351
2025-03-28 17:13:58,063 - INFO - Epoch [105/1000], Training Loss: -2.442500, Validation Loss: -2.217707
2025-03-28 17:14:15,827 - INFO - Epoch [106/1000], Training Loss: -2.437822, Validation Loss: -2.294898
2025-03-28 17:14:15,876 - INFO - Saved new best model at epoch 106 with validation loss -2.294898
2025-03-28 17:14:33,580 - INFO - Epoch [107/1000], Training Loss: -2.445134, Validation Loss: -2.306680
2025-03-28 17:14:33,628 - INFO - Saved new best model at epoch 107 with validation loss -2.306680
2025-03-28 17:14:51,174 - INFO - Epoch [108/1000], Training Loss: -2.445031, Validation Loss: -2.259402
2025-03-28 17:15:08,776 - INFO - Epoch [109/1000], Training Loss: -2.463762, Validation Loss: -2.266585
2025-03-28 17:15:26,307 - INFO - Epoch [110/1000], Training Loss: -2.459770, Validation Loss: -2.312415
2025-03-28 17:15:26,353 - INFO - Saved new best model at epoch 110 with validation loss -2.312415
2025-03-28 17:15:43,960 - INFO - Epoch [111/1000], Training Loss: -2.452587, Validation Loss: -2.234018
2025-03-28 17:16:01,631 - INFO - Epoch [112/1000], Training Loss: -2.469617, Validation Loss: -2.328700
2025-03-28 17:16:01,678 - INFO - Saved new best model at epoch 112 with validation loss -2.328700
2025-03-28 17:16:19,229 - INFO - Epoch [113/1000], Training Loss: -2.474790, Validation Loss: -2.283627
2025-03-28 17:16:36,765 - INFO - Epoch [114/1000], Training Loss: -2.470729, Validation Loss: -2.220007
2025-03-28 17:16:54,473 - INFO - Epoch [115/1000], Training Loss: -2.474353, Validation Loss: -2.181047
2025-03-28 17:17:12,015 - INFO - Epoch [116/1000], Training Loss: -2.467098, Validation Loss: -2.240982
2025-03-28 17:17:29,583 - INFO - Epoch [117/1000], Training Loss: -2.477447, Validation Loss: -2.146067
2025-03-28 17:17:47,202 - INFO - Epoch [118/1000], Training Loss: -2.471345, Validation Loss: -2.316290
2025-03-28 17:18:04,766 - INFO - Epoch [119/1000], Training Loss: -2.488569, Validation Loss: -2.234315
2025-03-28 17:18:22,326 - INFO - Epoch [120/1000], Training Loss: -2.488232, Validation Loss: -2.262753
2025-03-28 17:18:40,024 - INFO - Epoch [121/1000], Training Loss: -2.494483, Validation Loss: -2.282933
2025-03-28 17:18:57,670 - INFO - Epoch [122/1000], Training Loss: -2.491013, Validation Loss: -2.260311
2025-03-28 17:19:15,205 - INFO - Epoch [123/1000], Training Loss: -2.493809, Validation Loss: -2.314415
2025-03-28 17:19:32,745 - INFO - Epoch [124/1000], Training Loss: -2.647114, Validation Loss: -2.417720
2025-03-28 17:19:32,792 - INFO - Saved new best model at epoch 124 with validation loss -2.417720
2025-03-28 17:19:50,378 - INFO - Epoch [125/1000], Training Loss: -2.663695, Validation Loss: -2.383358
2025-03-28 17:20:07,930 - INFO - Epoch [126/1000], Training Loss: -2.672341, Validation Loss: -2.383052
2025-03-28 17:20:25,459 - INFO - Epoch [127/1000], Training Loss: -2.674810, Validation Loss: -2.392275
2025-03-28 17:20:43,056 - INFO - Epoch [128/1000], Training Loss: -2.686332, Validation Loss: -2.356645
2025-03-28 17:21:00,692 - INFO - Epoch [129/1000], Training Loss: -2.687419, Validation Loss: -2.396133
2025-03-28 17:21:18,141 - INFO - Epoch [130/1000], Training Loss: -2.686665, Validation Loss: -2.366178
2025-03-28 17:21:35,791 - INFO - Epoch [131/1000], Training Loss: -2.690448, Validation Loss: -2.365769
2025-03-28 17:21:53,393 - INFO - Epoch [132/1000], Training Loss: -2.694883, Validation Loss: -2.342630
2025-03-28 17:22:10,871 - INFO - Epoch [133/1000], Training Loss: -2.694756, Validation Loss: -2.385148
2025-03-28 17:22:28,316 - INFO - Epoch [134/1000], Training Loss: -2.703971, Validation Loss: -2.353600
2025-03-28 17:22:45,783 - INFO - Epoch [135/1000], Training Loss: -2.700686, Validation Loss: -2.426728
2025-03-28 17:22:45,830 - INFO - Saved new best model at epoch 135 with validation loss -2.426728
2025-03-28 17:23:03,343 - INFO - Epoch [136/1000], Training Loss: -2.703110, Validation Loss: -2.367170
2025-03-28 17:23:20,844 - INFO - Epoch [137/1000], Training Loss: -2.707591, Validation Loss: -2.341702
2025-03-28 17:23:38,387 - INFO - Epoch [138/1000], Training Loss: -2.710713, Validation Loss: -2.313146
2025-03-28 17:23:55,956 - INFO - Epoch [139/1000], Training Loss: -2.711633, Validation Loss: -2.320376
2025-03-28 17:24:13,536 - INFO - Epoch [140/1000], Training Loss: -2.716472, Validation Loss: -2.379827
2025-03-28 17:24:31,091 - INFO - Epoch [141/1000], Training Loss: -2.720207, Validation Loss: -2.354558
2025-03-28 17:24:48,678 - INFO - Epoch [142/1000], Training Loss: -2.712580, Validation Loss: -2.422320
2025-03-28 17:25:06,284 - INFO - Epoch [143/1000], Training Loss: -2.721596, Validation Loss: -2.317872
2025-03-28 17:25:23,790 - INFO - Epoch [144/1000], Training Loss: -2.718703, Validation Loss: -2.336911
2025-03-28 17:25:41,285 - INFO - Epoch [145/1000], Training Loss: -2.724874, Validation Loss: -2.425233
2025-03-28 17:25:58,781 - INFO - Epoch [146/1000], Training Loss: -2.721532, Validation Loss: -2.404272
2025-03-28 17:26:16,339 - INFO - Epoch [147/1000], Training Loss: -2.819585, Validation Loss: -2.398021
2025-03-28 17:26:33,990 - INFO - Epoch [148/1000], Training Loss: -2.826453, Validation Loss: -2.423557
2025-03-28 17:26:51,918 - INFO - Epoch [149/1000], Training Loss: -2.832216, Validation Loss: -2.399276
2025-03-28 17:27:09,534 - INFO - Epoch [150/1000], Training Loss: -2.833366, Validation Loss: -2.414661
2025-03-28 17:27:27,065 - INFO - Epoch [151/1000], Training Loss: -2.837377, Validation Loss: -2.383045
2025-03-28 17:27:44,577 - INFO - Epoch [152/1000], Training Loss: -2.839965, Validation Loss: -2.371784
2025-03-28 17:28:02,225 - INFO - Epoch [153/1000], Training Loss: -2.842728, Validation Loss: -2.361741
2025-03-28 17:28:19,752 - INFO - Epoch [154/1000], Training Loss: -2.844525, Validation Loss: -2.375086
2025-03-28 17:28:37,278 - INFO - Epoch [155/1000], Training Loss: -2.842857, Validation Loss: -2.336080
2025-03-28 17:28:37,278 - INFO - Early stopping triggered.
2025-03-28 17:28:37,322 - INFO - Model saved to /remote/gpu01a/pietschke/EoRFlow/output/full_EoR_z12_flowOnly/10_512_noise_wd-4_logit
